../Core/Src/main.c:78:6:CAN_Filter_Config	48	static
../Core/Src/main.c:99:6:HAL_CAN_RxFifo0MsgPendingCallback	16	static
../Core/Src/main.c:110:6:Motor_Init	8	static
../Core/Src/main.c:115:6:Motor_Forward	16	static
../Core/Src/main.c:125:6:Motor_Stop	8	static
../Core/Src/main.c:139:5:main	16	static
../Core/Src/main.c:210:6:SystemClock_Config	88	static
../Core/Src/main.c:257:13:MX_CAN1_Init	8	static
../Core/Src/main.c:294:13:MX_TIM3_Init	48	static
../Core/Src/main.c:343:13:MX_USART1_UART_Init	8	static
../Core/Src/main.c:376:13:MX_USART2_UART_Init	8	static
../Core/Src/main.c:409:13:MX_GPIO_Init	40	static
../Core/Src/main.c:443:6:Error_Handler	4	static,ignoring_inline_asm
