../Core/Src/main.c:91:6:CAN_Filter_Config	1
../Core/Src/main.c:112:6:CAN_Send_SensorData	2
../Core/Src/main.c:139:13:delay_us	2
../Core/Src/main.c:145:17:HCSR04_Read_cm	7
../Core/Src/main.c:179:9:ADC_Read	1
../Core/Src/main.c:190:6:HAL_TIM_PeriodElapsedCallback	2
../Core/Src/main.c:207:5:main	1
../Core/Src/main.c:279:6:SystemClock_Config	3
../Core/Src/main.c:326:13:MX_ADC1_Init	3
../Core/Src/main.c:378:13:MX_CAN1_Init	2
../Core/Src/main.c:415:13:MX_TIM2_Init	4
../Core/Src/main.c:460:13:MX_TIM3_Init	4
../Core/Src/main.c:505:13:MX_USART2_UART_Init	2
../Core/Src/main.c:538:13:MX_GPIO_Init	1
../Core/Src/main.c:582:6:HAL_GPIO_EXTI_Callback	2
../Core/Src/main.c:596:6:Error_Handler	1
